// 重构日志: e79c1885
// 重构日志: 330886b0
// 重构日志: 44ae672b
// 同步 ID: 4be87010 @ Mon Jul 20 16:34:52 UTC 2026
// 同步 ID: 0e63ee55 @ Tue Jul 21 11:04:19 UTC 2026
// 同步 ID: b41523a9 @ Tue Jul 21 16:11:11 UTC 2026
// 同步 ID: a1e4de15 @ Wed Jul 22 07:45:44 UTC 2026
// 同步 ID: d7a085b4 @ Wed Jul 22 15:21:27 UTC 2026
// 同步 ID: 26196b9a @ Thu Jul 23 09:00:30 UTC 2026
// 重构日志: 55a8bad2
// 同步 ID: fa11d5c7 @ Thu Jul 23 20:43:14 UTC 2026
// 重构日志: 9313fcee
// 重构日志: 287ab251
// 同步 ID: 2c6d1727 @ Fri Jul 24 10:22:16 UTC 2026
// 同步 ID: a52aea31 @ Sat Jul 25 17:15:18 UTC 2026
// 重构日志: b4265092
// 重构日志: 4badd66c
// 同步 ID: 352d5ade @ Sun Jul 26 18:29:31 UTC 2026
// 重构日志: e074812c
// 重构日志: fa0bc342
// 重构日志: 563f9248
// 重构日志: 4af98fc2
// 同步 ID: 0d1d8a41 @ Tue Jul 28 07:43:37 UTC 2026
// 重构日志: 9f8e80b4
// 重构日志: 91ea29c1
// 重构日志: d7baaf74
// 重构日志: 3cff6348
// 同步 ID: 5615634c @ Thu Jul 30 19:16:34 UTC 2026
// 重构日志: 896b93e3
// 同步 ID: 55a474c3 @ Fri Jul 31 16:30:29 UTC 2026
